
> Configure project :app
WARNING: The option setting 'android.disallowKotlinSourceSets=false' is experimental.
The current default is 'true'.

> Task :app:preBuild UP-TO-DATE
> Task :app:preDebugBuild UP-TO-DATE
> Task :app:mergeDebugNativeDebugMetadata NO-SOURCE
> Task :app:generateDebugResources UP-TO-DATE
> Task :app:packageDebugResources UP-TO-DATE
> Task :app:processDebugNavigationResources UP-TO-DATE
> Task :app:parseDebugLocalResources UP-TO-DATE
> Task :app:generateDebugRFile UP-TO-DATE
> Task :app:javaPreCompileDebug UP-TO-DATE
> Task :app:generateDebugAssets UP-TO-DATE
> Task :app:mergeDebugAssets UP-TO-DATE
> Task :app:compressDebugAssets UP-TO-DATE
> Task :app:checkDebugDuplicateClasses UP-TO-DATE
> Task :app:desugarDebugFileDependencies UP-TO-DATE
> Task :app:mergeExtDexDebug UP-TO-DATE
> Task :app:mergeLibDexDebug UP-TO-DATE
> Task :app:checkDebugAarMetadata UP-TO-DATE
> Task :app:compileDebugNavigationResources UP-TO-DATE
> Task :app:mapDebugSourceSetPaths UP-TO-DATE
> Task :app:mergeDebugResources UP-TO-DATE
> Task :app:createDebugCompatibleScreenManifests UP-TO-DATE
> Task :app:extractDeepLinksDebug UP-TO-DATE
> Task :app:processDebugMainManifest UP-TO-DATE
> Task :app:processDebugManifest UP-TO-DATE
> Task :app:processDebugManifestForPackage UP-TO-DATE
> Task :app:processDebugResources UP-TO-DATE
> Task :app:mergeDebugJniLibFolders UP-TO-DATE
> Task :app:mergeDebugNativeLibs UP-TO-DATE
> Task :app:stripDebugDebugSymbols UP-TO-DATE
> Task :app:validateSigningDebug UP-TO-DATE
> Task :app:writeDebugAppMetadata UP-TO-DATE
> Task :app:writeDebugSigningConfigVersions UP-TO-DATE

> Task :app:kspDebugKotlin
w: [ksp] processId column references a foreign key but it is not part of an index. This may trigger full table scans whenever parent table is modified so you are highly advised to create an index that covers this column.

> Task :app:compileDebugKotlin FAILED
e: file:///D:/XMchenp/Android/GXJL/app/src/main/java/com/example/processrecord/ui/viewmodel/BackupViewModel.kt:40:35 Unresolved reference 'listBackups'.
e: file:///D:/XMchenp/Android/GXJL/app/src/main/java/com/example/processrecord/ui/viewmodel/BackupViewModel.kt:40:55 Cannot infer type for this parameter. Specify it explicitly.
e: file:///D:/XMchenp/Android/GXJL/app/src/main/java/com/example/processrecord/ui/viewmodel/BackupViewModel.kt:42:29 Unresolved reference 'name'.
e: file:///D:/XMchenp/Android/GXJL/app/src/main/java/com/example/processrecord/ui/viewmodel/BackupViewModel.kt:43:29 Unresolved reference 'absolutePath'.
e: file:///D:/XMchenp/Android/GXJL/app/src/main/java/com/example/processrecord/ui/viewmodel/BackupViewModel.kt:44:29 Unresolved reference 'length'.
e: file:///D:/XMchenp/Android/GXJL/app/src/main/java/com/example/processrecord/ui/viewmodel/BackupViewModel.kt:45:37 Unresolved reference 'lastModified'.
e: file:///D:/XMchenp/Android/GXJL/app/src/main/java/com/example/processrecord/ui/viewmodel/BackupViewModel.kt:55:30 Cannot infer type for this parameter. Specify it explicitly.
e: file:///D:/XMchenp/Android/GXJL/app/src/main/java/com/example/processrecord/ui/viewmodel/BackupViewModel.kt:56:35 Unresolved reference 'backup'.
e: file:///D:/XMchenp/Android/GXJL/app/src/main/java/com/example/processrecord/ui/viewmodel/BackupViewModel.kt:58:24 Cannot infer type for this parameter. Specify it explicitly.
e: file:///D:/XMchenp/Android/GXJL/app/src/main/java/com/example/processrecord/ui/viewmodel/BackupViewModel.kt:58:24 Not enough information to infer type argument for 'T'.
e: file:///D:/XMchenp/Android/GXJL/app/src/main/java/com/example/processrecord/ui/viewmodel/BackupViewModel.kt:59:35 Cannot infer type for this parameter. Specify it explicitly.
e: file:///D:/XMchenp/Android/GXJL/app/src/main/java/com/example/processrecord/ui/viewmodel/BackupViewModel.kt:62:52 Unresolved reference 'name'.
e: file:///D:/XMchenp/Android/GXJL/app/src/main/java/com/example/processrecord/ui/viewmodel/BackupViewModel.kt:86:30 Cannot infer type for this parameter. Specify it explicitly.
e: file:///D:/XMchenp/Android/GXJL/app/src/main/java/com/example/processrecord/ui/viewmodel/BackupViewModel.kt:87:35 Unresolved reference 'restore'.
e: file:///D:/XMchenp/Android/GXJL/app/src/main/java/com/example/processrecord/ui/viewmodel/BackupViewModel.kt:89:24 Cannot infer type for this parameter. Specify it explicitly.
e: file:///D:/XMchenp/Android/GXJL/app/src/main/java/com/example/processrecord/ui/viewmodel/BackupViewModel.kt:89:24 Not enough information to infer type argument for 'T'.
e: file:///D:/XMchenp/Android/GXJL/app/src/main/java/com/example/processrecord/ui/viewmodel/BackupViewModel.kt:90:33 Cannot infer type for this parameter. Specify it explicitly.
e: file:///D:/XMchenp/Android/GXJL/app/src/main/java/com/example/processrecord/ui/viewmodel/BackupViewModel.kt:116:30 Cannot infer type for this parameter. Specify it explicitly.
e: file:///D:/XMchenp/Android/GXJL/app/src/main/java/com/example/processrecord/ui/viewmodel/BackupViewModel.kt:117:35 Unresolved reference 'exportToUri'.
e: file:///D:/XMchenp/Android/GXJL/app/src/main/java/com/example/processrecord/ui/viewmodel/BackupViewModel.kt:119:24 Cannot infer type for this parameter. Specify it explicitly.
e: file:///D:/XMchenp/Android/GXJL/app/src/main/java/com/example/processrecord/ui/viewmodel/BackupViewModel.kt:119:24 Not enough information to infer type argument for 'T'.
e: file:///D:/XMchenp/Android/GXJL/app/src/main/java/com/example/processrecord/ui/viewmodel/BackupViewModel.kt:120:33 Cannot infer type for this parameter. Specify it explicitly.
e: file:///D:/XMchenp/Android/GXJL/app/src/main/java/com/example/processrecord/ui/viewmodel/BackupViewModel.kt:146:30 Cannot infer type for this parameter. Specify it explicitly.
e: file:///D:/XMchenp/Android/GXJL/app/src/main/java/com/example/processrecord/ui/viewmodel/BackupViewModel.kt:147:35 Unresolved reference 'importFromUri'.
e: file:///D:/XMchenp/Android/GXJL/app/src/main/java/com/example/processrecord/ui/viewmodel/BackupViewModel.kt:149:24 Cannot infer type for this parameter. Specify it explicitly.
e: file:///D:/XMchenp/Android/GXJL/app/src/main/java/com/example/processrecord/ui/viewmodel/BackupViewModel.kt:149:24 Not enough information to infer type argument for 'T'.
e: file:///D:/XMchenp/Android/GXJL/app/src/main/java/com/example/processrecord/ui/viewmodel/BackupViewModel.kt:150:35 Cannot infer type for this parameter. Specify it explicitly.
e: file:///D:/XMchenp/Android/GXJL/app/src/main/java/com/example/processrecord/ui/viewmodel/BackupViewModel.kt:153:52 Unresolved reference 'name'.
e: file:///D:/XMchenp/Android/GXJL/app/src/main/java/com/example/processrecord/ui/viewmodel/BackupViewModel.kt:174:37 Unresolved reference 'deleteBackup'.

FAILURE: Build failed with an exception.

* What went wrong:
Execution failed for task ':app:compileDebugKotlin'.
> A failure occurred while executing org.jetbrains.kotlin.compilerRunner.GradleCompilerRunnerWithWorkers$GradleKotlinCompilerWorkAction
   > Compilation error. See log for more details

* Try:
> Run with --stacktrace option to get the stack trace.
> Run with --info or --debug option to get more log output.
> Run with --scan to generate a Build Scan (powered by Develocity).
> Get more help at https://help.gradle.org.

BUILD FAILED in 8s
30 actionable tasks: 2 executed, 28 up-to-date
